qemu-system-x86_64: warning: TCG doesn't support requested feature: CPUID[eax=01h].ECX.pcid [bit 17]
qemu-system-x86_64: warning: TCG doesn't support requested feature: CPUID[eax=01h].ECX.tsc-deadline [bit 24]
qemu-system-x86_64: warning: TCG doesn't support requested feature: CPUID[eax=07h,ecx=00h].EBX.hle [bit 4]
qemu-system-x86_64: warning: TCG doesn't support requested feature: CPUID[eax=07h,ecx=00h].EBX.invpcid [bit 10]
qemu-system-x86_64: warning: TCG doesn't support requested feature: CPUID[eax=07h,ecx=00h].EBX.rtm [bit 11]
[2J[001;001H[=3h[2J[001;001H[2J[001;001H[8;042;160t[2J[001;001H[2J[001;001H[8;056;240t[2J[001;001HBdsDxe: loading Boot0002 "UEFI QEMU HARDDISK QM00001 " from PciRoot(0x0)/Pci(0x1F,0x2)/Sata(0x0,0xFFFF,0x0)
BdsDxe: starting Boot0002 "UEFI QEMU HARDDISK QM00001 " from PciRoot(0x0)/Pci(0x1F,0x2)/Sata(0x0,0xFFFF,0x0)
[H[J[1;1H[H[J[1;1H    Booting `slime'Booting `slime'




Boot config: debug_port = 0x3f8
Boot config: disable_iommu = false
  module #0: start=0x19a1000 end=0x1aa93c0 size=0x1083c0 name='slime-root'
	Physical Memory Region from 0 size a0000 type 1
	Physical Memory Region from 100000 size 700000 type 1
Adding physical memory region 0x100000-0x800000
	Physical Memory Region from 800000 size 8000 type 4
	Physical Memory Region from 808000 size 3000 type 1
Adding physical memory region 0x808000-0x80b000
	Physical Memory Region from 80b000 size 1000 type 4
	Physical Memory Region from 80c000 size 6000 type 1
Adding physical memory region 0x80c000-0x812000
	Physical Memory Region from 812000 size 1000 type 2
	Physical Memory Region from 813000 size 1000 type 1
Adding physical memory region 0x813000-0x814000
	Physical Memory Region from 814000 size ec000 type 4
	Physical Memory Region from 900000 size 7efed000 type 1
Adding physical memory region 0x900000-0x7f8ed000
	Physical Memory Region from 7f8ed000 size 100000 type 2
	Physical Memory Region from 7f9ed000 size 100000 type 20
	Physical Memory Region from 7faed000 size 80000 type 2
	Physical Memory Region from 7fb6d000 size 12000 type 3
	Physical Memory Region from 7fb7f000 size 80000 type 4
	Physical Memory Region from 7fbff000 size 2f5000 type 1
Adding physical memory region 0x7fbff000-0x7fef4000
	Physical Memory Region from 7fef4000 size 84000 type 2
	Physical Memory Region from 7ff78000 size 88000 type 4
	Physical Memory Region from e0000000 size 10000000 type 2
	Physical Memory Region from ffc00000 size 400000 type 2
Got framebuffer info in multiboot2. Current video mode is at physical address=80000000 pitch=2400 resolution=800x600@24 type=1
Detected 1 boot module(s):
Kernel loaded to: start=0x100000 end=0xa22000 size=0x922000 entry=0x100379
ACPI: RSDT paddr=0x7fb7d074
ACPI: RSDT vaddr=0x7fb7d074
ACPI: FADT paddr=0x7fb79000
ACPI: FADT vaddr=0x7fb79000
ACPI: FADT flags=0x84a5
ACPI: 0 IOMMUs detected
ACPI: MADT paddr=0x7fb78000
ACPI: MADT vaddr=0x7fb78000
ACPI: MADT apic_addr=0xfee00000
ACPI: MADT flags=0x1
ACPI: MADT_APIC apic_id=0x0
ACPI: MADT_IOAPIC ioapic_id=0 ioapic_addr=0xfec00000 gsib=0
ACPI: MADT_ISO bus=0 source=0 gsi=0x002 flags=0x0
ACPI: MADT_ISO bus=0 source=5 gsi=0x005 flags=0xd
ACPI: MADT_ISO bus=0 source=9 gsi=0x009 flags=0xd
ACPI: MADT_ISO bus=0 source=10 gsi=0x00a flags=0xd
ACPI: MADT_ISO bus=0 source=11 gsi=0x00b flags=0xd
ACPI: 1 CPU(s) detected
ELF-loading userland images from boot modules:
size=0x3c0000 v_entry=0x296284 v_start=0x200000 v_end=0x5c0000 p_start=0x1aaa000 p_end=0x1e6a000
Moving loaded userland images to final location: from=0x1aaa000 to=0xa22000 size=0x3c0000
Starting node #0 with APIC ID 0
Mapping kernel window is done
Available phys memory regions: 6
  [100000..800000)
  [808000..80b000)
  [80c000..812000)
  [813000..814000)
  [900000..7f8ed000)
  [7fbff000..7fef4000)
Reserved virt address space regions: 1
  [ffffff8000100000..ffffff8000de2000)
Booting all finished, dropped to user space
SLIME_ROOT allocator slots=3002 untypeds=35 bytes=2135779328
SLIME_DISPLAY mode=800x600x24 paddr=0x80000000
SLIME_DISPLAY stage root
SLIME_TIMER acquired irq=20 freq_hz=10000000
SLIME_TIMER delivered badge=0x1 polls=43
SLIME_TIMER serviced events=1 programming=Disarm
SLIME_TIMER advanced start=0 end=254678 delta=254678
SLIME_TIMER OK
SLIME_FOUNDATION frames independent objects_delta=2 slots_delta=2 bytes_delta=8192 caps_deleted=2
SLIME_ROOT FATAL generation rejected: BadMagic