   Compiling proc-macro2 v1.0.107
   Compiling memchr v2.8.3
   Compiling quote v1.0.47
   Compiling unicode-ident v1.0.24
   Compiling serde_core v1.0.229
   Compiling zmij v1.0.23
   Compiling serde v1.0.229
   Compiling serde_json v1.0.151
   Compiling itoa v1.0.18
   Compiling sel4-build-env v0.1.0 (/Users/iceice666/code/slime_os/deps/rust-sel4/crates/sel4/build-env)
   Compiling prettyplease v0.2.37
   Compiling glob v0.3.4
   Compiling libc v0.2.189
   Compiling ucd-trie v0.1.7
   Compiling cfg-if v1.0.4
   Compiling regex-syntax v0.8.11
   Compiling minimal-lexical v0.2.1
   Compiling fallible-iterator v0.3.0
   Compiling rustversion v1.0.23
   Compiling libloading v0.8.9
   Compiling bindgen v0.72.1
   Compiling either v1.17.0
   Compiling rustc-hash v2.1.3
   Compiling shlex v1.3.0
   Compiling xml v1.3.0
   Compiling bitflags v2.13.1
   Compiling itertools v0.13.0
   Compiling log v0.4.33
   Compiling aho-corasick v1.1.4
   Compiling clang-sys v1.9.1
   Compiling pest v2.8.8
   Compiling nom v7.1.3
   Compiling object v0.38.1
   Compiling slime-root v0.1.0 (/Users/iceice666/code/slime_os/slime-root)
   Compiling boot-contracts v0.1.0 (/Users/iceice666/code/slime_os/boot-contracts)
   Compiling xmltree v0.12.0
   Compiling slime-proto v0.1.0 (/Users/iceice666/code/slime_os/components/proto)
   Compiling regex-automata v0.4.16
   Compiling pest_meta v2.8.8
   Compiling cexpr v0.6.0
   Compiling syn v3.0.3
   Compiling syn v2.0.119
   Compiling regex v1.13.1
   Compiling sel4-bitfield-ops v0.1.0 (/Users/iceice666/code/slime_os/deps/rust-sel4/crates/sel4/bitfield-ops)
   Compiling serde_derive v1.0.229
   Compiling pest_generator v2.8.8
   Compiling pest_derive v2.8.8
   Compiling sel4-config-types v0.1.0 (/Users/iceice666/code/slime_os/deps/rust-sel4/crates/sel4/config/types)
   Compiling sel4-config-data v0.1.0 (/Users/iceice666/code/slime_os/deps/rust-sel4/crates/sel4/config/data)
   Compiling sel4-config v0.1.0 (/Users/iceice666/code/slime_os/deps/rust-sel4/crates/sel4/config)
   Compiling sel4-config-macros v0.1.0 (/Users/iceice666/code/slime_os/deps/rust-sel4/crates/sel4/config/macros)
   Compiling sel4-sys v0.1.0 (/Users/iceice666/code/slime_os/deps/rust-sel4/crates/sel4/sys)
   Compiling sel4 v0.1.0 (/Users/iceice666/code/slime_os/deps/rust-sel4/crates/sel4)
    Finished `test` profile [unoptimized + debuginfo] target(s) in 7.52s
     Running unittests src/lib.rs (target/aarch64-apple-darwin/debug/deps/slime_root-287616b0a7ca0dc6)

running 107 tests
...............................fatal runtime error: failed to initiate panic, error 5, aborting
............error: test failed, to rerun pass `-p slime-root --lib`

Caused by:
  process didn't exit successfully: `/Users/iceice666/code/slime_os/target/aarch64-apple-darwin/debug/deps/slime_root-287616b0a7ca0dc6 --format=terse` (signal: 6, SIGABRT: process abort signal)
error: recipe `test_sel4_root` failed with exit code 101
